

U-Boot 2026.04-00729-gf0000b4a57e9 (Apr 09 2026 - 15:37:18 +0530)

DRAM:  948 MiB
RPI 3 Model B+ (0xa020d4)
Core:  88 devices, 13 uclasses, devicetree: board
MMC:   mmc@7e202000: 0, mmcnr@7e300000: 1
Loading Environment from FAT... OK
In:    serial,usbkbd
Out:   serial,vidconsole
Err:   serial,vidconsole
Net:   No ethernet found.

starting USB...
USB DWC2
Bus usb@7e980000: 5 USB Device(s) found
       scanning usb for storage devices... 0 Storage Device(s) found
Hit any key to stop autoboot: 2Hit any key to stop autoboot: 1Hit any key to stop autoboot: 0
U-Boot> mmc dev 0         set     print     prit ntenv 
arch=arm
baudrate=115200
board=rpi
board_name=3 Model B+
board_rev=0xD
board_rev_scheme=1
board_revision=0xA020D4
boot_targets=mmc usb pxe dhcp
bootargs=console=tty1 console=ttyS0, 115200 root=/dev/mmcblk0p2 rootwait rw
bootcmd=bootflow scan
bootdelay=2
bootm_size=0x20000000
bootp_arch=b
bootp_vci=PXEClient:Arch:0000b:UNDI:003000
cpu=armv8
dhcpuboot=usb start; dhcp u-boot.uimg; bootm
ethact=lan78xx_eth
ethaddr=b8:27:eb:1c:bc:c3
fdt_addr=3af45fa0
fdt_addr_r=0x05600000
fdtcontroladdr=3af45fa0
fdtfile=broadcom/bcm2837-rpi-3-b-plus.dtb
fileaddr=5600000
filesize=8a12
kernel_addr_r=0x00080000
kernel_comp_addr_r=0x02000000
kernel_comp_size=0x03400000
loadaddr=0x1000000
preboot=usb start
pxefile_addr_r=0x05500000
ramdisk_addr_r=0x05700000
scriptaddr=0x05400000
serial#=00000000161cbcc3
soc=bcm283x
stderr=serial,vidconsole
stdin=serial,usbkbd
stdout=serial,vidconsole
usb_ignorelist=0x1050:*,
usbethaddr=b8:27:eb:1c:bc:c3
vendor=raspberrypi

Environment size: 944/16380 bytes
U-Boot> setenv bootcmf d 'fa   "fatload mmc 0:1 4{  ${kernel_addr_r} kernel8.img; fatload mmc 0:1 $ \"fatload mmc 0:1 ${kernel_addr_r} kernel8.img; fatload mmc 0:1 $ "fatload mmc 0:1 ${kernel_addr_r} kernel8.img; fatload mmc 0:1 $"fatload mmc 0:1 ${kernel_addr_r} kernel8.img;  fatload mmc 0:1 $\ fatload mmc 0:1 $  fatload mmc 0:1 $ fatload mmc 0:1 ${fdt_addr_r} bcm2710-rpi-3-b-plus.dtb; \ boot  i ${kernel_addr- _r} - ${fdt_addr_r}"
U-Boot> saveenv
Saving Environment to FAT... OK
U-Boot> printenv
arch=arm
baudrate=115200
board=rpi
board_name=3 Model B+
board_rev=0xD
board_rev_scheme=1
board_revision=0xA020D4
boot_targets=mmc usb pxe dhcp
bootargs=console=tty1 console=ttyS0, 115200 root=/dev/mmcblk0p2 rootwait rw
bootcmd= fatload mmc 0:1 0x00080000 kernel8.img;   fatload mmc 0:1 0x05600000 bcm2710-rpi-3-b-plus.dtb;  booti 0x00080000 - 0x05600000
bootdelay=2
bootm_size=0x20000000
bootp_arch=b
bootp_vci=PXEClient:Arch:0000b:UNDI:003000
cpu=armv8
dhcpuboot=usb start; dhcp u-boot.uimg; bootm
ethact=lan78xx_eth
ethaddr=b8:27:eb:1c:bc:c3
fdt_addr=3af45fa0
fdt_addr_r=0x05600000
fdtcontroladdr=3af45fa0
fdtfile=broadcom/bcm2837-rpi-3-b-plus.dtb
fileaddr=5600000
filesize=8a12
kernel_addr_r=0x00080000
kernel_comp_addr_r=0x02000000
kernel_comp_size=0x03400000
loadaddr=0x1000000
preboot=usb start
pxefile_addr_r=0x05500000
ramdisk_addr_r=0x05700000
scriptaddr=0x05400000
serial#=00000000161cbcc3
soc=bcm283x
stderr=serial,vidconsole
stdin=serial,usbkbd
stdout=serial,vidconsole
usb_ignorelist=0x1050:*,
usbethaddr=b8:27:eb:1c:bc:c3
vendor=raspberrypi

Environment size: 1057/16380 bytes
U-Boot> setenv bootargs "console=ttys 
> S0  <INTERRUPT>
U-Boot> setenv b  ootargs "console=ttyS0, 115200 earlycon root=/dev/mmcblk0p2 rootwait rw"
U-Boot> printenv a bootargs
bootargs=console=ttyS0, 115200 earlycon root=/dev/mmcblk0p2 rootwait rw
U-Boot> saveenv
Saving Environment to FAT... OK
U-Boot> printenv
arch=arm
baudrate=115200
board=rpi
board_name=3 Model B+
board_rev=0xD
board_rev_scheme=1
board_revision=0xA020D4
boot_targets=mmc usb pxe dhcp
bootargs=console=ttyS0, 115200 earlycon root=/dev/mmcblk0p2 rootwait rw
bootcmd= fatload mmc 0:1 0x00080000 kernel8.img;   fatload mmc 0:1 0x05600000 bcm2710-rpi-3-b-plus.dtb;  booti 0x00080000 - 0x05600000
bootdelay=2
bootm_size=0x20000000
bootp_arch=b
bootp_vci=PXEClient:Arch:0000b:UNDI:003000
cpu=armv8
dhcpuboot=usb start; dhcp u-boot.uimg; bootm
ethact=lan78xx_eth
ethaddr=b8:27:eb:1c:bc:c3
fdt_addr=3af45fa0
fdt_addr_r=0x05600000
fdtcontroladdr=3af45fa0
fdtfile=broadcom/bcm2837-rpi-3-b-plus.dtb
fileaddr=5600000
filesize=8a12
kernel_addr_r=0x00080000
kernel_comp_addr_r=0x02000000
kernel_comp_size=0x03400000
loadaddr=0x1000000
preboot=usb start
pxefile_addr_r=0x05500000
ramdisk_addr_r=0x05700000
scriptaddr=0x05400000
serial#=00000000161cbcc3
soc=bcm283x
stderr=serial,vidconsole
stdin=serial,usbkbd
stdout=serial,vidconsole
usb_ignorelist=0x1050:*,
usbethaddr=b8:27:eb:1c:bc:c3
vendor=raspberrypi

Environment size: 1053/16380 bytes
U-Boot> printenv        saveenv       printenv bootargs                 setenv bootargs "console=ttyS0, 115200 earlycon root=/dev/mmcblk0p2 rootwait rw"ttyS0, 115200 earlycon root=/dev/mmcblk0p2 rootwait rw"                                                                                printenv bootargs                 saveenv       printenv        run bootcmd
10437862 bytes read in 440 ms (22.6 MiB/s)
35346 bytes read in 4 ms (8.4 MiB/s)
   Uncompressing Kernel Image to 0
Moving Image from 0x80000 to 0x200000, end=0x1e10000
## Flattened Device Tree blob at 05600000
   Booting using the fdt blob at 0x5600000
Working FDT set to 5600000
   Loading Device Tree to 000000001fff4000, end 000000001ffffa11 ... OK
Working FDT set to 1fff4000

Starting kernel ...

[    0.000000] Booting Linux on physical CPU 0x0000000000 [0x410fd034]
[    0.000000] Linux version 6.18.21-v8+ (dom@buildbot) (aarch64-linux-gnu-gcc (Ubuntu 11.4.0-1ubuntu1~22.04.3) 11.4.0, GNU ld (GNU Binutils for Ubuntu) 2.38) #1967 SMP PREEMPT Wed Apr  8 18:17:01 BST 2026
[    0.000000] KASLR enabled
[    0.000000] Machine model: Raspberry Pi 3 Model B Plus Rev 1.4
[    0.000000] earlycon: bcm2835aux0 at MMIO32 0x000000003f215040 (options '115200n8')
[    0.000000] printk: legacy bootconsole [bcm2835aux0] enabled
[    0.000000] efi: UEFI not found.
[    0.000000] Reserved memory: created CMA memory pool at 0x0000000037400000, size 64 MiB
[    0.000000] OF: reserved mem: initialized node linux,cma, compatible id shared-dma-pool
[    0.000000] OF: reserved mem: 0x0000000037400000..0x000000003b3fffff (65536 KiB) map reusable linux,cma
[    0.000000] NUMA: Faking a node at [mem 0x0000000000000000-0x000000003b3fffff]
[    0.000000] NODE_DATA(0) allocated [mem 0x371fe340-0x372010bf]
[    0.000000] Zone ranges:
[    0.000000]   DMA      [mem 0x0000000000000000-0x000000003b3fffff]
[    0.000000]   DMA32    empty
[    0.000000]   Normal   empty
[    0.000000] Movable zone start for each node
[    0.000000] Early memory node ranges
[    0.000000]   node   0: [mem 0x0000000000000000-0x000000003b3fffff]
[    0.000000] Initmem setup node 0 [mem 0x0000000000000000-0x000000003b3fffff]
[    0.000000] On node 0, zone DMA: 19456 pages in unavailable ranges
[    0.000000] percpu: Embedded 33 pages/cpu s95448 r8192 d31528 u135168
[    0.000000] Detected VIPT I-cache on CPU0
[    0.000000] CPU features: kernel page table isolation forced ON by KASLR
[    0.000000] CPU features: detected: Kernel page table isolation (KPTI)
[    0.000000] CPU features: detected: ARM erratum 843419
[    0.000000] CPU features: detected: ARM erratum 845719
[    0.000000] alternatives: applying boot alternatives
[    0.000000] Kernel command line: console=ttyS0, 115200 earlycon root=/dev/mmcblk0p2 rootwait rw
[    0.000000] Unknown kernel command line parameters "115200", will be passed to user space.
[    0.000000] printk: log buffer data + meta data: 131072 + 458752 = 589824 bytes
[    0.000000] Dentry cache hash table entries: 131072 (order: 8, 1048576 bytes, linear)
[    0.000000] Inode-cache hash table entries: 65536 (order: 7, 524288 bytes, linear)
[    0.000000] Fallback order for Node 0: 0 
[    0.000000] Built 1 zonelists, mobility grouping on.  Total pages: 242688
[    0.000000] Policy zone: DMA
[    0.000000] mem auto-init: stack:off, heap alloc:off, heap free:off
[    0.000000] SLUB: HWalign=64, Order=0-3, MinObjects=0, CPUs=4, Nodes=1
[    0.000000] ftrace: allocating 46727 entries in 184 pages
[    0.000000] ftrace: allocated 184 pages with 4 groups
[    0.000000] rcu: Preemptible hierarchical RCU implementation.
[    0.000000] rcu: 	RCU event tracing is enabled.
[    0.000000] 	Trampoline variant of Tasks RCU enabled.
[    0.000000] 	Rude variant of Tasks RCU enabled.
[    0.000000] 	Tracing variant of Tasks RCU enabled.
[    0.000000] rcu: RCU calculated value of scheduler-enlistment delay is 25 jiffies.
[    0.000000] RCU Tasks: Setting shift to 2 and lim to 1 rcu_task_cb_adjust=1 rcu_task_cpu_ids=4.
[    0.000000] RCU Tasks Rude: Setting shift to 2 and lim to 1 rcu_task_cb_adjust=1 rcu_task_cpu_ids=4.
[    0.000000] RCU Tasks Trace: Setting shift to 2 and lim to 1 rcu_task_cb_adjust=1 rcu_task_cpu_ids=4.
[    0.000000] NR_IRQS: 64, nr_irqs: 64, preallocated irqs: 0
[    0.000000] Root IRQ handler: bcm2836_arm_irqchip_handle_irq
[    0.000000] rcu: srcu_init: Setting srcu_struct sizes based on contention.
[    0.000000] arch_timer: cp15 timer running at 19.20MHz (phys).
[    0.000000] clocksource: arch_sys_counter: mask: 0xffffffffffffff max_cycles: 0x46d987e47, max_idle_ns: 440795202767 ns
[    0.000001] sched_clock: 56 bits at 19MHz, resolution 52ns, wraps every 4398046511078ns
[    0.008553] Console: colour dummy device 80x25
[    0.013171] Calibrating delay loop (skipped), value calculated using timer frequency.. 38.40 BogoMIPS (lpj=76800)
[    0.023583] pid_max: default: 32768 minimum: 301
[    0.028428] LSM: initializing lsm=capability
[    0.033052] Mount-cache hash table entries: 2048 (order: 2, 16384 bytes, linear)
[    0.040572] Mountpoint-cache hash table entries: 2048 (order: 2, 16384 bytes, linear)
[    0.052589] rcu: Hierarchical SRCU implementation.
[    0.057482] rcu: 	Max phase no-delay instances is 1000.
[    0.063241] Timer migration: 1 hierarchy levels; 8 children per group; 1 crossnode level
[    0.073371] EFI services will not be available.
[    0.078493] smp: Bringing up secondary CPUs ...
[    0.084072] Detected VIPT I-cache on CPU1
[    0.084326] CPU1: Booted secondary processor 0x0000000001 [0x410fd034]
[    0.085767] Detected VIPT I-cache on CPU2
[    0.085971] CPU2: Booted secondary processor 0x0000000002 [0x410fd034]
[    0.087323] Detected VIPT I-cache on CPU3
[    0.087540] CPU3: Booted secondary processor 0x0000000003 [0x410fd034]
[    0.087957] smp: Brought up 1 node, 4 CPUs
[    0.124152] SMP: Total of 4 processors activated.
[    0.128929] CPU: All CPU(s) started at EL2
[    0.133142] CPU features: detected: 32-bit EL0 Support
[    0.138357] CPU features: detected: 32-bit EL1 Support
[    0.143593] CPU features: detected: CRC32 instructions
[    0.148819] CPU features: detected: PMUv3
[    0.152972] alternatives: applying system-wide alternatives
[    0.160717] Memory: 850408K/970752K available (14848K kernel code, 2446K rwdata, 5068K rodata, 5632K init, 505K bss, 49360K reserved, 65536K cma-reserved)
[    0.175697] devtmpfs: initialized
[    0.194083] Enabled cp15_barrier support
[    0.198107] Enabled setend support
[    0.202267] clocksource: jiffies: mask: 0xffffffff max_cycles: 0xffffffff, max_idle_ns: 7645041785100000 ns
[    0.212182] posixtimers hash table entries: 2048 (order: 3, 32768 bytes, linear)
[    0.219791] futex hash table entries: 1024 (65536 bytes on 1 NUMA nodes, total 64 KiB, linear).
[    0.230215] 2G module region forced by RANDOMIZE_MODULE_REGION_FULL
[    0.236661] 0 pages in range for non-PLT usage
[    0.236670] 517104 pages in range for PLT usage
[    0.241528] pinctrl core: initialized pinctrl subsystem
[    0.252445] DMI not present or invalid.
[    0.260932] NET: Registered PF_NETLINK/PF_ROUTE protocol family
[    0.275812] DMA: preallocated 128 KiB GFP_KERNEL pool for atomic allocations
[    0.284700] DMA: preallocated 128 KiB GFP_KERNEL|GFP_DMA pool for atomic allocations
[    0.294256] DMA: preallocated 128 KiB GFP_KERNEL|GFP_DMA32 pool for atomic allocations
[    0.302364] audit: initializing netlink subsys (disabled)
[    0.308256] audit: type=2000 audit(0.204:1): state=initialized audit_enabled=0 res=1
[    0.309200] thermal_sys: Registered thermal governor 'step_wise'
[    0.316201] cpuidle: using governor menu
[    0.326509] hw-breakpoint: found 6 breakpoint and 4 watchpoint registers.
[    0.333556] ASID allocator initialised with 32768 entries
[    0.340201] Serial: AMBA PL011 UART driver
[    0.349632] bcm2835-mbox 3f00b880.mailbox: mailbox enabled
[    0.367939] raspberrypi-firmware soc:firmware: Attached to firmware from 2026-02-11T18:31:36, variant start
[    0.381879] raspberrypi-firmware soc:firmware: Firmware hash is ce768004a1c9657e60b33b0cc413d8e07320cb0d
[    0.403449] bcm2835-dma 3f007000.dma-controller: DMA legacy API manager, dmachans=0x1
[    0.413094] iommu: Default domain type: Translated
[    0.417985] iommu: DMA domain TLB invalidation policy: strict mode
[    0.428843] SCSI subsystem initialized
[    0.433011] usbcore: registered new interface driver usbfs
[    0.438641] usbcore: registered new interface driver hub
[    0.444094] usbcore: registered new device driver usb
[    0.449764] pps_core: LinuxPPS API ver. 1 registered
[    0.454802] pps_core: Software ver. 5.3.6 - Copyright 2005-2007 Rodolfo Giometti <giometti@linux.it>
[    0.464083] PTP clock support registered
[    0.470128] vgaarb: loaded
[    0.473487] clocksource: Switched to clocksource arch_sys_counter
[    2.770416] VFS: Disk quotas dquot_6.6.0
[    2.774491] VFS: Dquot-cache hash table entries: 512 (order 0, 4096 bytes)
[    2.795692] NET: Registered PF_INET protocol family
[    2.801022] IP idents hash table entries: 16384 (order: 5, 131072 bytes, linear)
[    2.810579] tcp_listen_portaddr_hash hash table entries: 512 (order: 1, 8192 bytes, linear)
[    2.819155] Table-perturb hash table entries: 65536 (order: 6, 262144 bytes, linear)
[    2.827037] TCP established hash table entries: 8192 (order: 4, 65536 bytes, linear)
[    2.835006] TCP bind hash table entries: 8192 (order: 6, 262144 bytes, linear)
[    2.842728] TCP: Hash tables configured (established 8192 bind 8192)
[    2.849590] MPTCP token hash table entries: 1024 (order: 3, 24576 bytes, linear)
[    2.857183] UDP hash table entries: 512 (order: 3, 32768 bytes, linear)
[    2.863973] UDP-Lite hash table entries: 512 (order: 3, 32768 bytes, linear)
[    2.871445] NET: Registered PF_UNIX/PF_LOCAL protocol family
[    2.877994] RPC: Registered named UNIX socket transport module.
[    2.884047] RPC: Registered udp transport module.
[    2.888829] RPC: Registered tcp transport module.
[    2.893602] RPC: Registered tcp-with-tls transport module.
[    2.899165] RPC: Registered tcp NFSv4.1 backchannel transport module.
[    2.905744] PCI: CLS 0 bytes, default 64
[    2.917600] kvm [1]: nv: 568 coarse grained trap handlers
[    2.924091] kvm [1]: IPA Size Limit: 40 bits
[    2.930713] kvm [1]: Hyp nVHE mode initialized successfully
[    2.940528] Initialise system trusted keyrings
[    2.945532] workingset: timestamp_bits=42 max_order=18 bucket_order=0
[    2.953164] NFS: Registering the id_resolver key type
[    2.958331] Key type id_resolver registered
[    2.962581] Key type id_legacy registered
[    2.966685] nfs4filelayout_init: NFSv4 File Layout Driver Registering...
[    2.973485] nfs4flexfilelayout_init: NFSv4 Flexfile Layout Driver Registering...
[    2.982138] Key type asymmetric registered
[    2.986312] Asymmetric key parser 'x509' registered
[    2.991337] Block layer SCSI generic (bsg) driver version 0.4 loaded (major 246)
[    2.999110] io scheduler mq-deadline registered
[    3.003724] io scheduler kyber registered
[    3.007838] io scheduler bfq registered
[    3.014946] pinctrl-bcm2835 3f200000.gpio: GPIO_OUT persistence: yes
[    3.026715] ledtrig-cpu: registered to indicate activity on CPUs
[    3.034495] bcm2708_fb soc:fb: FB found 1 display(s)
[    3.065649] Console: switching to colour frame buffer device 228x61
[    3.084063] bcm2708_fb soc:fb: Registered framebuffer for display 0, size 1824x984
[    3.092185] simple-framebuffer 3e513000.framebuffer: framebuffer at 0x3e513000, 0x6d8c00 bytes
[    3.100930] simple-framebuffer 3e513000.framebuffer: format=a8r8g8b8, mode=1824x984x32, linelength=7296
[    3.110802] simple-framebuffer 3e513000.framebuffer: fb1: simplefb registered!
[    3.135056] bcm2835-rng 3f104000.rng: hwrng registered
[    3.135280] random: crng init done
[    3.140791] vc-mem: phys_addr:0x00000000 mem_base=0x00000000 mem_size:0x00000000(0 MiB)
[    3.170225] brd: module loaded
[    3.182657] loop: module loaded
[    3.186983] Loading iSCSI transport class v2.0-870.
[    3.197854] usbcore: registered new interface driver lan78xx
[    3.203694] usbcore: registered new interface driver smsc95xx
[    3.209846] dwc_otg: version 3.00a 10-AUG-2012 (platform bus)
[    3.416363] Core Release: 2.80a
[    3.419570] Setting default values for core params
[    3.424458] Finished setting default values for core params
[    3.630483] Using Buffer DMA mode
[    3.633851] Periodic Transfer Interrupt Enhancement - disabled
[    3.639766] Multiprocessor Interrupt Enhancement - disabled
[    3.645421] OTG VER PARAM: 0, OTG VER FLAG: 0
[    3.649850] Dedicated Tx FIFOs mode
[    3.657059] INFO:: FIQ DMA bounce buffers: virt = ffffffc080c9b000 dma = 0x00000000f7490000 len=9024
[    3.666445] FIQ FSM acceleration enabled for :
[    3.666445] Non-periodic Split Transactions
[    3.666445] Periodic Split Transactions
[    3.666445] High-Speed Isochronous Endpoints
[    3.666445] Interrupt/Control Split Transaction hack enabled
[    3.689118] INFO:: MPHI regs_base at ffffffc08006d000
[    3.694328] dwc_otg 3f980000.usb: DWC OTG Controller
[    3.699413] dwc_otg 3f980000.usb: new USB bus registered, assigned bus number 1
[    3.706867] dwc_otg 3f980000.usb: irq 74, io mem 0x00000000
[    3.712574] Init: Port Power? op_state=1
[    3.716555] Init: Power Port (0)
[    3.720084] usb usb1: New USB device found, idVendor=1d6b, idProduct=0002, bcdDevice= 6.18
[    3.728475] usb usb1: New USB device strings: Mfr=3, Product=2, SerialNumber=1
[    3.735806] usb usb1: Product: DWC OTG Controller
[    3.740583] usb usb1: Manufacturer: Linux 6.18.21-v8+ dwc_otg_hcd
[    3.746773] usb usb1: SerialNumber: 3f980000.usb
[    3.752363] hub 1-0:1.0: USB hub found
[    3.756228] hub 1-0:1.0: 1 port detected
[    3.763470] usbcore: registered new interface driver uas
[    3.769119] usbcore: registered new interface driver usb-storage
[    3.775801] mousedev: PS/2 mouse device common for all mice
[    3.784818] sdhci: Secure Digital Host Controller Interface driver
[    3.791221] sdhci: Copyright(c) Pierre Ossman
[    3.795845] sdhci-pltfm: SDHCI platform and OF driver helper
[    3.801844] hid: raw HID events driver (C) Jiri Kosina
[    3.807152] usbcore: registered new interface driver usbhid
[    3.812808] usbhid: USB HID core driver
[    3.821297] hw perfevents: enabled with armv8_cortex_a53 PMU driver, 7 (0,8000003f) counters available
[    3.832082] NET: Registered PF_PACKET protocol family
[    3.837307] Key type dns_resolver registered
[    3.860787] registered taskstats version 1
[    3.865899] Loading compiled-in X.509 certificates
[    3.869610] Indeed it is in host mode hprt0 = 00021501
[    3.879148] Demotion targets for Node 0: null
[    3.883746] Key type .fscrypt registered
[    3.887989] Key type fscrypt-provisioning registered
[    3.898548] uart-pl011 3f201000.serial: cts_event_workaround enabled
[    3.905343] 3f201000.serial: ttyAMA1 at MMIO 0x3f201000 (irq = 99, base_baud = 0) is a PL011 rev2
[    3.914523] serial serial0: tty port ttyAMA1 registered
[    3.920721] bcm2835-aux-uart 3f215040.serial: there is not valid maps for state default
[    3.929290] bcm2835-aux-uart 3f215040.serial: error -EINVAL: unable to register 8250 port
